C51 COMPILER V9.00   LED2                                                                  07/13/2019 15:37:47 PAGE 1   


C51 COMPILER V9.00, COMPILATION OF MODULE LED2
OBJECT MODULE PLACED IN .\Led2.obj
COMPILER INVOKED BY: D:\Exe\C51+Keil4ÕÍ√¿∞Ê\C51\BIN\C51.EXE ..\Led2.c BROWSE DEBUG OBJECTEXTEND OBJECT(.\Led2.obj)

line level    source

   1                   #include<reg52.h>
   2                   
   3                   sbit LED=P0^0;
   4                   sbit ADDR0=P1^0;
   5                   sbit ADDR1=P1^1;
   6                   sbit ADDR2=P1^2;
   7                   sbit ADDR3=P1^3;
   8                   sbit ENLED=P1^4;
   9          
  10                   void main(){
  11   1                      unsigned int i = 0;
  12   1                      unsigned char cnt = 0, flag = 1;
  13   1      
  14   1                      ENLED=0;
  15   1                      ADDR3=1;
  16   1                      ADDR2=1;
  17   1                      ADDR1=1;
  18   1                      ADDR0=0;
  19   1                      while (1)
  20   1                      {
  21   2                              if (flag == 1)
  22   2                              {
  23   3                                      P0 = ~(0x01 << cnt);
  24   3                                      for (i=0; i<30000; i++);
  25   3                                      cnt++;
  26   3                                      if (cnt>=8)
  27   3                                              {
  28   4                                                      cnt=0;
  29   4                                                      flag = -flag;
  30   4                                              }
  31   3                              }
  32   2                              else
  33   2                              {
  34   3                                      P0 = ~(0x80 >> cnt);
  35   3                                      for (i=0; i<30000; i++);
  36   3                                      cnt++;
  37   3                                      if (cnt>=8)
  38   3                                              {
  39   4                                                      cnt=0;
  40   4                                                      flag = -flag;
  41   4                                              }
  42   3                              }
  43   2                              
  44   2                      }
  45   1      }


MODULE INFORMATION:   STATIC OVERLAYABLE
   CODE SIZE        =    106    ----
   CONSTANT SIZE    =   ----    ----
   XDATA SIZE       =   ----    ----
   PDATA SIZE       =   ----    ----
   DATA SIZE        =   ----    ----
   IDATA SIZE       =   ----    ----
   BIT SIZE         =   ----    ----
C51 COMPILER V9.00   LED2                                                                  07/13/2019 15:37:47 PAGE 2   

END OF MODULE INFORMATION.


C51 COMPILATION COMPLETE.  0 WARNING(S),  0 ERROR(S)
