C51 COMPILER V9.00   PRACTICE                                                              07/20/2019 21:47:59 PAGE 1   


C51 COMPILER V9.00, COMPILATION OF MODULE PRACTICE
OBJECT MODULE PLACED IN .\practice.obj
COMPILER INVOKED BY: D:\Exe\C51+Keil4ÕÍ√¿∞Ê\C51\BIN\C51.EXE ..\practice.c BROWSE DEBUG OBJECTEXTEND OBJECT(.\practice.ob
                    -j)

line level    source

   1          #include <reg52.h>
   2          
   3          unsigned char Send[] = "hello from 51\n";
   4          unsigned char Recieve[] = "hello from PC";
   5          unsigned char Tmp;
   6          unsigned char T0RH = 0;
   7          unsigned char T0RL = 0;
   8          bit match = 1;
   9          
  10          void UARTSend();
  11          void UARTSend(unsigned char Byte);
  12          void ConfigTimer0(unsigned int ms);
  13          void ConfigUART();
  14          
  15          void main()
  16          {
  17   1          unsigned int i;
  18   1      
  19   1          EA  = 1;
  20   1          ConfigUART();
  21   1          while (match)
  22   1          {
  23   2              if (Tmp != 0)
  24   2              {
  25   3                  UARTSend();
  26   3                  match = 0;
  27   3              } 
  28   2          } 
  29   1      }
*** WARNING C280 IN LINE 17 OF ..\PRACTICE.C: 'i': unreferenced local variable
  30          
  31          void UARTSend()
  32          {
  33   1          unsigned char i;
  34   1        
  35   1          for (i=0; i<14; i++)
  36   1          {
  37   2              ES = 0;
  38   2              TI = 0;
  39   2              SBUF = Send[i];
  40   2              while(!TI);
  41   2              TI = 0;
  42   2              ES = 1;
  43   2          }  
  44   1      }
  45          
  46          void ConfigUART()
  47          {
  48   1          SCON = 0x50;
  49   1          TMOD &= 0x0F;
  50   1          TMOD |= 0x20;
  51   1          TH1 = 0xFD;
  52   1          TL1 = 0xFD;
  53   1          ET1 = 0;
C51 COMPILER V9.00   PRACTICE                                                              07/20/2019 21:47:59 PAGE 2   

  54   1          TR1 = 1;
  55   1          ES  = 1;
  56   1      }
  57          
  58          void InterruptUART() interrupt 4
  59          {
  60   1              if (RI)
  61   1          {
  62   2              RI = 0;
  63   2              Tmp = SBUF;
  64   2          }
  65   1      }


MODULE INFORMATION:   STATIC OVERLAYABLE
   CODE SIZE        =     76    ----
   CONSTANT SIZE    =   ----    ----
   XDATA SIZE       =   ----    ----
   PDATA SIZE       =   ----    ----
   DATA SIZE        =     32       2
   IDATA SIZE       =   ----    ----
   BIT SIZE         =      1    ----
END OF MODULE INFORMATION.


C51 COMPILATION COMPLETE.  1 WARNING(S),  0 ERROR(S)
